INFO:     Started server process [5152]
INFO:     Waiting for application startup.
INFO:     Application startup complete.
INFO:     Uvicorn running on http://127.0.0.1:8000 (Press CTRL+C to quit)
INFO:     127.0.0.1:58975 - "GET /health HTTP/1.1" 200 OK
INFO:     127.0.0.1:58986 - "POST /webhook/generic HTTP/1.1" 401 Unauthorized
2026-02-15 19:27:29,214 INFO httpx: HTTP Request: POST https://api.telegram.org/bottest-token/sendMessage "HTTP/1.1 404 Not Found"
2026-02-15 19:27:29,217 ERROR tg_client: Failed to send Telegram message
Traceback (most recent call last):
  File "/Users/david.assistbot/Projects/webhook-bridge/tg_client.py", line 27, in send_message
    await bot.send_message(
  File "/Users/david.assistbot/Projects/webhook-bridge/.venv/lib/python3.9/site-packages/telegram/_bot.py", line 1091, in send_message
    return await self._send_message(
  File "/Users/david.assistbot/Projects/webhook-bridge/.venv/lib/python3.9/site-packages/telegram/_bot.py", line 803, in _send_message
    result = await self._post(
  File "/Users/david.assistbot/Projects/webhook-bridge/.venv/lib/python3.9/site-packages/telegram/_bot.py", line 691, in _post
    return await self._do_post(
  File "/Users/david.assistbot/Projects/webhook-bridge/.venv/lib/python3.9/site-packages/telegram/_bot.py", line 720, in _do_post
    result = await request.post(
  File "/Users/david.assistbot/Projects/webhook-bridge/.venv/lib/python3.9/site-packages/telegram/request/_baserequest.py", line 202, in post
    result = await self._request_wrapper(
  File "/Users/david.assistbot/Projects/webhook-bridge/.venv/lib/python3.9/site-packages/telegram/request/_baserequest.py", line 381, in _request_wrapper
    raise InvalidToken(message)
telegram.error.InvalidToken: Not Found
INFO:     127.0.0.1:58987 - "POST /webhook/generic HTTP/1.1" 500 Internal Server Error
ERROR:    Exception in ASGI application
Traceback (most recent call last):
  File "/Users/david.assistbot/Projects/webhook-bridge/.venv/lib/python3.9/site-packages/uvicorn/protocols/http/httptools_impl.py", line 415, in run_asgi
    result = await app(  # type: ignore[func-returns-value]
  File "/Users/david.assistbot/Projects/webhook-bridge/.venv/lib/python3.9/site-packages/uvicorn/middleware/proxy_headers.py", line 60, in __call__
    return await self.app(scope, receive, send)
  File "/Users/david.assistbot/Projects/webhook-bridge/.venv/lib/python3.9/site-packages/fastapi/applications.py", line 1138, in __call__
    await super().__call__(scope, receive, send)
  File "/Users/david.assistbot/Projects/webhook-bridge/.venv/lib/python3.9/site-packages/starlette/applications.py", line 113, in __call__
    await self.middleware_stack(scope, receive, send)
  File "/Users/david.assistbot/Projects/webhook-bridge/.venv/lib/python3.9/site-packages/starlette/middleware/errors.py", line 186, in __call__
    raise exc
  File "/Users/david.assistbot/Projects/webhook-bridge/.venv/lib/python3.9/site-packages/starlette/middleware/errors.py", line 164, in __call__
    await self.app(scope, receive, _send)
  File "/Users/david.assistbot/Projects/webhook-bridge/.venv/lib/python3.9/site-packages/starlette/middleware/exceptions.py", line 63, in __call__
    await wrap_app_handling_exceptions(self.app, conn)(scope, receive, send)
  File "/Users/david.assistbot/Projects/webhook-bridge/.venv/lib/python3.9/site-packages/starlette/_exception_handler.py", line 53, in wrapped_app
    raise exc
  File "/Users/david.assistbot/Projects/webhook-bridge/.venv/lib/python3.9/site-packages/starlette/_exception_handler.py", line 42, in wrapped_app
    await app(scope, receive, sender)
  File "/Users/david.assistbot/Projects/webhook-bridge/.venv/lib/python3.9/site-packages/fastapi/middleware/asyncexitstack.py", line 18, in __call__
    await self.app(scope, receive, send)
  File "/Users/david.assistbot/Projects/webhook-bridge/.venv/lib/python3.9/site-packages/starlette/routing.py", line 716, in __call__
    await self.middleware_stack(scope, receive, send)
  File "/Users/david.assistbot/Projects/webhook-bridge/.venv/lib/python3.9/site-packages/starlette/routing.py", line 736, in app
    await route.handle(scope, receive, send)
  File "/Users/david.assistbot/Projects/webhook-bridge/.venv/lib/python3.9/site-packages/starlette/routing.py", line 290, in handle
    await self.app(scope, receive, send)
  File "/Users/david.assistbot/Projects/webhook-bridge/.venv/lib/python3.9/site-packages/fastapi/routing.py", line 121, in app
    await wrap_app_handling_exceptions(app, request)(scope, receive, send)
  File "/Users/david.assistbot/Projects/webhook-bridge/.venv/lib/python3.9/site-packages/starlette/_exception_handler.py", line 53, in wrapped_app
    raise exc
  File "/Users/david.assistbot/Projects/webhook-bridge/.venv/lib/python3.9/site-packages/starlette/_exception_handler.py", line 42, in wrapped_app
    await app(scope, receive, sender)
  File "/Users/david.assistbot/Projects/webhook-bridge/.venv/lib/python3.9/site-packages/fastapi/routing.py", line 107, in app
    response = await f(request)
  File "/Users/david.assistbot/Projects/webhook-bridge/.venv/lib/python3.9/site-packages/fastapi/routing.py", line 426, in app
    raw_response = await run_endpoint_function(
  File "/Users/david.assistbot/Projects/webhook-bridge/.venv/lib/python3.9/site-packages/fastapi/routing.py", line 314, in run_endpoint_function
    return await dependant.call(**values)
  File "/Users/david.assistbot/Projects/webhook-bridge/main.py", line 64, in generic_webhook
    await send_message(message)
  File "/Users/david.assistbot/Projects/webhook-bridge/tg_client.py", line 27, in send_message
    await bot.send_message(
  File "/Users/david.assistbot/Projects/webhook-bridge/.venv/lib/python3.9/site-packages/telegram/_bot.py", line 1091, in send_message
    return await self._send_message(
  File "/Users/david.assistbot/Projects/webhook-bridge/.venv/lib/python3.9/site-packages/telegram/_bot.py", line 803, in _send_message
    result = await self._post(
  File "/Users/david.assistbot/Projects/webhook-bridge/.venv/lib/python3.9/site-packages/telegram/_bot.py", line 691, in _post
    return await self._do_post(
  File "/Users/david.assistbot/Projects/webhook-bridge/.venv/lib/python3.9/site-packages/telegram/_bot.py", line 720, in _do_post
    result = await request.post(
  File "/Users/david.assistbot/Projects/webhook-bridge/.venv/lib/python3.9/site-packages/telegram/request/_baserequest.py", line 202, in post
    result = await self._request_wrapper(
  File "/Users/david.assistbot/Projects/webhook-bridge/.venv/lib/python3.9/site-packages/telegram/request/_baserequest.py", line 381, in _request_wrapper
    raise InvalidToken(message)
telegram.error.InvalidToken: Not Found
INFO:     127.0.0.1:58991 - "POST /webhook/github HTTP/1.1" 401 Unauthorized
INFO:     127.0.0.1:58993 - "POST /webhook/github HTTP/1.1" 200 OK
2026-02-15 19:28:07,794 INFO httpx: HTTP Request: POST https://api.telegram.org/bottest-token/sendMessage "HTTP/1.1 404 Not Found"
2026-02-15 19:28:07,796 ERROR tg_client: Failed to send Telegram message
Traceback (most recent call last):
  File "/Users/david.assistbot/Projects/webhook-bridge/tg_client.py", line 27, in send_message
    await bot.send_message(
  File "/Users/david.assistbot/Projects/webhook-bridge/.venv/lib/python3.9/site-packages/telegram/_bot.py", line 1091, in send_message
    return await self._send_message(
  File "/Users/david.assistbot/Projects/webhook-bridge/.venv/lib/python3.9/site-packages/telegram/_bot.py", line 803, in _send_message
    result = await self._post(
  File "/Users/david.assistbot/Projects/webhook-bridge/.venv/lib/python3.9/site-packages/telegram/_bot.py", line 691, in _post
    return await self._do_post(
  File "/Users/david.assistbot/Projects/webhook-bridge/.venv/lib/python3.9/site-packages/telegram/_bot.py", line 720, in _do_post
    result = await request.post(
  File "/Users/david.assistbot/Projects/webhook-bridge/.venv/lib/python3.9/site-packages/telegram/request/_baserequest.py", line 202, in post
    result = await self._request_wrapper(
  File "/Users/david.assistbot/Projects/webhook-bridge/.venv/lib/python3.9/site-packages/telegram/request/_baserequest.py", line 381, in _request_wrapper
    raise InvalidToken(message)
telegram.error.InvalidToken: Not Found
INFO:     127.0.0.1:59000 - "POST /webhook/github HTTP/1.1" 500 Internal Server Error
ERROR:    Exception in ASGI application
Traceback (most recent call last):
  File "/Users/david.assistbot/Projects/webhook-bridge/.venv/lib/python3.9/site-packages/uvicorn/protocols/http/httptools_impl.py", line 415, in run_asgi
    result = await app(  # type: ignore[func-returns-value]
  File "/Users/david.assistbot/Projects/webhook-bridge/.venv/lib/python3.9/site-packages/uvicorn/middleware/proxy_headers.py", line 60, in __call__
    return await self.app(scope, receive, send)
  File "/Users/david.assistbot/Projects/webhook-bridge/.venv/lib/python3.9/site-packages/fastapi/applications.py", line 1138, in __call__
    await super().__call__(scope, receive, send)
  File "/Users/david.assistbot/Projects/webhook-bridge/.venv/lib/python3.9/site-packages/starlette/applications.py", line 113, in __call__
    await self.middleware_stack(scope, receive, send)
  File "/Users/david.assistbot/Projects/webhook-bridge/.venv/lib/python3.9/site-packages/starlette/middleware/errors.py", line 186, in __call__
    raise exc
  File "/Users/david.assistbot/Projects/webhook-bridge/.venv/lib/python3.9/site-packages/starlette/middleware/errors.py", line 164, in __call__
    await self.app(scope, receive, _send)
  File "/Users/david.assistbot/Projects/webhook-bridge/.venv/lib/python3.9/site-packages/starlette/middleware/exceptions.py", line 63, in __call__
    await wrap_app_handling_exceptions(self.app, conn)(scope, receive, send)
  File "/Users/david.assistbot/Projects/webhook-bridge/.venv/lib/python3.9/site-packages/starlette/_exception_handler.py", line 53, in wrapped_app
    raise exc
  File "/Users/david.assistbot/Projects/webhook-bridge/.venv/lib/python3.9/site-packages/starlette/_exception_handler.py", line 42, in wrapped_app
    await app(scope, receive, sender)
  File "/Users/david.assistbot/Projects/webhook-bridge/.venv/lib/python3.9/site-packages/fastapi/middleware/asyncexitstack.py", line 18, in __call__
    await self.app(scope, receive, send)
  File "/Users/david.assistbot/Projects/webhook-bridge/.venv/lib/python3.9/site-packages/starlette/routing.py", line 716, in __call__
    await self.middleware_stack(scope, receive, send)
  File "/Users/david.assistbot/Projects/webhook-bridge/.venv/lib/python3.9/site-packages/starlette/routing.py", line 736, in app
    await route.handle(scope, receive, send)
  File "/Users/david.assistbot/Projects/webhook-bridge/.venv/lib/python3.9/site-packages/starlette/routing.py", line 290, in handle
    await self.app(scope, receive, send)
  File "/Users/david.assistbot/Projects/webhook-bridge/.venv/lib/python3.9/site-packages/fastapi/routing.py", line 121, in app
    await wrap_app_handling_exceptions(app, request)(scope, receive, send)
  File "/Users/david.assistbot/Projects/webhook-bridge/.venv/lib/python3.9/site-packages/starlette/_exception_handler.py", line 53, in wrapped_app
    raise exc
  File "/Users/david.assistbot/Projects/webhook-bridge/.venv/lib/python3.9/site-packages/starlette/_exception_handler.py", line 42, in wrapped_app
    await app(scope, receive, sender)
  File "/Users/david.assistbot/Projects/webhook-bridge/.venv/lib/python3.9/site-packages/fastapi/routing.py", line 107, in app
    response = await f(request)
  File "/Users/david.assistbot/Projects/webhook-bridge/.venv/lib/python3.9/site-packages/fastapi/routing.py", line 426, in app
    raw_response = await run_endpoint_function(
  File "/Users/david.assistbot/Projects/webhook-bridge/.venv/lib/python3.9/site-packages/fastapi/routing.py", line 314, in run_endpoint_function
    return await dependant.call(**values)
  File "/Users/david.assistbot/Projects/webhook-bridge/main.py", line 54, in github_webhook
    await send_message(message)
  File "/Users/david.assistbot/Projects/webhook-bridge/tg_client.py", line 27, in send_message
    await bot.send_message(
  File "/Users/david.assistbot/Projects/webhook-bridge/.venv/lib/python3.9/site-packages/telegram/_bot.py", line 1091, in send_message
    return await self._send_message(
  File "/Users/david.assistbot/Projects/webhook-bridge/.venv/lib/python3.9/site-packages/telegram/_bot.py", line 803, in _send_message
    result = await self._post(
  File "/Users/david.assistbot/Projects/webhook-bridge/.venv/lib/python3.9/site-packages/telegram/_bot.py", line 691, in _post
    return await self._do_post(
  File "/Users/david.assistbot/Projects/webhook-bridge/.venv/lib/python3.9/site-packages/telegram/_bot.py", line 720, in _do_post
    result = await request.post(
  File "/Users/david.assistbot/Projects/webhook-bridge/.venv/lib/python3.9/site-packages/telegram/request/_baserequest.py", line 202, in post
    result = await self._request_wrapper(
  File "/Users/david.assistbot/Projects/webhook-bridge/.venv/lib/python3.9/site-packages/telegram/request/_baserequest.py", line 381, in _request_wrapper
    raise InvalidToken(message)
telegram.error.InvalidToken: Not Found
INFO:     Shutting down
INFO:     Waiting for application shutdown.
INFO:     Application shutdown complete.
INFO:     Finished server process [5152]
